Test directory "test" not found.
